// Vitest Snapshot v1, https://vitest.dev/guide/snapshot.html

exports[`should not expand highcharts types 1`] = `
[
  {
    "dashCaseName": "chart",
    "description": "Chart description",
    "events": [],
    "functions": [],
    "name": "Chart",
    "properties": [
      {
        "analyticsTag": undefined,
        "defaultValue": undefined,
        "deprecatedTag": undefined,
        "description": undefined,
        "i18nTag": undefined,
        "inlineType": {
          "name": "(highcharts: Highcharts) => void",
          "parameters": [
            {
              "name": "highcharts",
              "type": "Highcharts",
            },
          ],
          "returnType": "void",
          "type": "function",
        },
        "name": "callback",
        "optional": false,
        "systemTags": undefined,
        "type": "(highcharts: Highcharts) => void",
        "visualRefreshTag": undefined,
      },
      {
        "analyticsTag": undefined,
        "defaultValue": undefined,
        "deprecatedTag": undefined,
        "description": undefined,
        "i18nTag": undefined,
        "inlineType": {
          "name": "NonCancelableEventHandler<{ point: Highcharts.Point; group: Highcharts.Group; }>",
          "parameters": [
            {
              "name": "event",
              "type": "any",
            },
          ],
          "returnType": "void",
          "type": "function",
        },
        "name": "onHighlight",
        "optional": true,
        "systemTags": undefined,
        "type": "NonCancelableEventHandler<{ point: Highcharts.Point; group: Highcharts.Group; }>",
        "visualRefreshTag": undefined,
      },
    ],
    "regions": [],
    "releaseStatus": "stable",
    "systemTags": undefined,
  },
]
`;
