// Jest Snapshot v1, https://goo.gl/fbAQLP

exports[`Build code from type Snapshot: useContainerQuery 1`] = `
Object {
  "parameters": Array [
    Object {
      "name": "mapFn",
      "type": "(entry: ContainerQueryEntry, prev: ObservedState | null) => ObservedState",
    },
    Object {
      "name": "deps",
      "type": "React.DependencyList",
    },
  ],
  "returnType": "[ObservedState | null,MutableRefObject<any>]",
}
`;

exports[`Build code from type Snapshot: useResizeObserver 1`] = `
Object {
  "parameters": Array [
    Object {
      "name": "elementRef",
      "type": "ElementReference",
    },
    Object {
      "name": "onObserve",
      "type": "(entry: ContainerQueryEntry) => void",
    },
  ],
  "returnType": "void",
}
`;

exports[`Build code from type Snapshot: useStableEventHandler 1`] = `
Object {
  "parameters": Array [],
  "returnType": "",
}
`;
