// Vitest Snapshot v1, https://vitest.dev/guide/snapshot.html

exports[`Build code from type > Snapshot: useContainerQuery 1`] = `
{
  "parameters": [
    {
      "name": "mapFn",
      "type": "(entry: ContainerQueryEntry, prev: ObservedState | null) => ObservedState",
    },
    {
      "name": "deps",
      "type": "React.DependencyList",
    },
  ],
  "returnType": "[ObservedState | null,MutableRefObject<any>]",
}
`;

exports[`Build code from type > Snapshot: useResizeObserver 1`] = `
{
  "parameters": [
    {
      "name": "elementRef",
      "type": "ElementReference",
    },
    {
      "name": "onObserve",
      "type": "(entry: ContainerQueryEntry) => void",
    },
  ],
  "returnType": "void",
}
`;

exports[`Build code from type > Snapshot: useStableEventHandler 1`] = `
{
  "parameters": [],
  "returnType": "",
}
`;
